// Jest Snapshot v1, https://goo.gl/fbAQLP

exports[`FilterByRegion Component matches snapshot 1`] = `
<DocumentFragment>
  <select
    aria-label="Filter by region"
    class="form-select"
    style="width: 200px;"
  >
    <option
      value=""
    >
      All
    </option>
    <option
      value="africa"
    >
      Africa
    </option>
    <option
      value="americas"
    >
      Americas
    </option>
    <option
      value="asia"
    >
      Asia
    </option>
    <option
      value="europe"
    >
      Europe
    </option>
    <option
      value="oceania"
    >
      Oceania
    </option>
  </select>
</DocumentFragment>
`;
